2021-03-11 22:34:55,664:INFO:flipkrat.py:Url hitted
2021-03-11 22:34:55,871:INFO:flipkrat.py:login popup handled
2021-03-11 22:34:56,219:INFO:flipkrat.py:Search begins
2021-03-11 22:34:59,039:INFO:flipkrat.py:Data saved in scrapper file
2021-03-11 22:35:58,120:INFO:flipkrat.py:Url hitted
2021-03-11 22:35:58,315:INFO:flipkrat.py:login popup handled
2021-03-11 22:35:58,591:INFO:flipkrat.py:Search begins
2021-03-11 22:36:01,400:INFO:flipkrat.py:Data saved in scrapper file
2021-03-11 22:36:23,309:INFO:flipkrat.py:Url hitted
2021-03-11 22:36:23,496:INFO:flipkrat.py:login popup handled
2021-03-11 22:36:23,770:INFO:flipkrat.py:Search begins
2021-03-11 22:36:33,418:INFO:flipkrat.py:Url hitted
2021-03-11 22:36:33,647:INFO:flipkrat.py:login popup handled
2021-03-11 22:36:34,002:INFO:flipkrat.py:Search begins
2021-03-11 22:36:36,914:INFO:flipkrat.py:Data saved in scrapper file
2021-03-11 22:37:59,845:INFO:flipkrat.py:Thread run completed
2021-03-12 18:10:07,996:INFO:flipkrat.py:Url hitted
2021-03-12 18:10:08,216:INFO:flipkrat.py:login popup handled
2021-03-12 18:10:08,649:INFO:flipkrat.py:Search begins for Nike
2021-03-12 18:10:15,835:INFO:flipkrat.py:Data saved in scrapper file
2021-03-12 18:21:17,976:INFO:flipkrat.py:Url hitted
2021-03-12 18:21:18,307:INFO:flipkrat.py:login popup handled
2021-03-12 18:21:18,661:INFO:flipkrat.py:Search begins for shorts
2021-03-12 18:21:45,120:INFO:flipkrat.py:Thread run completed
2021-03-12 18:51:46,598:INFO:flipkrat.py:Url hitted
2021-03-12 18:51:46,854:INFO:flipkrat.py:login popup handled
2021-03-12 18:51:47,148:INFO:flipkrat.py:Search begins for Nike
2021-03-12 18:51:52,934:INFO:flipkrat.py:Data saved in scrapper file
2021-03-12 18:59:13,412:INFO:flipkrat.py:Url hitted
2021-03-12 18:59:13,585:INFO:flipkrat.py:login popup handled
2021-03-12 18:59:13,871:INFO:flipkrat.py:Search begins for Nike
2021-03-12 18:59:20,027:INFO:flipkrat.py:Data saved in scrapper file
2021-03-12 19:05:39,138:INFO:flipkrat.py:Url hitted
2021-03-12 19:05:39,293:INFO:flipkrat.py:login popup handled
2021-03-12 19:05:39,627:INFO:flipkrat.py:Search begins for Saree
2021-03-12 19:05:45,435:INFO:flipkrat.py:Data saved in scrapper file
2021-03-12 19:48:30,551:INFO:flipkrat.py:Url hitted
2021-03-12 19:48:32,022:INFO:flipkrat.py:login popup handled
2021-03-12 19:48:33,971:INFO:flipkrat.py:Search begins for Nike
2021-03-12 19:48:39,271:INFO:flipkrat.py:Data saved in scrapper file
2021-03-12 19:52:16,469:INFO:flipkrat.py:Url hitted
2021-03-12 19:52:16,797:INFO:flipkrat.py:login popup handled
2021-03-12 19:52:17,244:INFO:flipkrat.py:Search begins for Nike
2021-03-12 19:52:19,627:INFO:flipkrat.py:Data saved in scrapper file
2021-03-12 22:38:31,082:INFO:flipkrat.py:Url hitted
2021-03-12 22:38:31,387:INFO:flipkrat.py:login popup handled
2021-03-12 22:38:31,835:INFO:flipkrat.py:Search begins for Nike
2021-03-12 22:38:38,080:INFO:flipkrat.py:Data saved in scrapper file
2021-08-01 19:24:39,930:INFO:flipkrat.py:Url hitted
2021-08-01 19:24:40,627:INFO:flipkrat.py:login popup handled
2021-08-01 19:24:42,016:INFO:flipkrat.py:Search begins for iphone-7
2021-08-01 19:25:00,147:INFO:flipkrat.py:Data saved in scrapper file
2021-08-01 20:54:18,388:INFO:flipkrat.py:Url hitted
2021-08-01 20:54:18,768:INFO:flipkrat.py:login popup handled
2021-08-01 20:54:19,388:INFO:flipkrat.py:Search begins for iphone-7
2021-08-01 21:04:21,312:INFO:flipkrat.py:Url hitted
2021-08-01 21:04:21,562:INFO:flipkrat.py:login popup handled
2021-08-01 21:04:22,155:INFO:flipkrat.py:Search begins for iphone-7
2021-08-01 21:19:52,271:INFO:flipkrat.py:Url hitted
2021-08-01 21:19:52,941:INFO:flipkrat.py:login popup handled
2021-08-01 21:19:54,870:INFO:flipkrat.py:Search begins for iphone-7
2021-08-01 21:20:29,075:INFO:flipkrat.py:Thread run completed
2021-08-03 22:11:33,627:INFO:flipkrat.py:Url hitted
2021-08-03 22:11:34,420:INFO:flipkrat.py:login popup handled
2021-08-03 22:11:35,190:INFO:flipkrat.py:Search begins for iphone-7
2021-08-03 22:11:49,187:INFO:flipkrat.py:Data saved in scrapper file
2021-08-13 21:52:29,598:INFO:flipkrat.py:Url hitted
2021-08-13 21:52:30,516:INFO:flipkrat.py:login popup handled
2021-08-13 21:52:31,141:INFO:flipkrat.py:Search begins for iphone-7
2021-08-13 22:03:26,436:INFO:flipkrat.py:Url hitted
2021-08-13 22:03:26,787:INFO:flipkrat.py:login popup handled
2021-08-13 22:03:27,408:INFO:flipkrat.py:Search begins for iphone-7
2021-08-13 22:19:22,171:INFO:flipkrat.py:Url hitted
2021-08-13 22:19:22,530:INFO:flipkrat.py:login popup handled
2021-08-13 22:19:23,403:INFO:flipkrat.py:Search begins for iphone-7
2021-08-13 22:22:16,241:INFO:flipkrat.py:Url hitted
2021-08-13 22:22:16,572:INFO:flipkrat.py:login popup handled
2021-08-13 22:22:17,253:INFO:flipkrat.py:Search begins for iphone-7
2021-08-13 22:23:19,145:INFO:flipkrat.py:Url hitted
2021-08-13 22:23:19,552:INFO:flipkrat.py:login popup handled
2021-08-13 22:23:20,245:INFO:flipkrat.py:Search begins for iphone-7
2021-08-14 01:30:28,815:INFO:flipkrat.py:Url hitted
2021-08-14 01:30:29,111:INFO:flipkrat.py:login popup handled
2021-08-14 01:30:29,725:INFO:flipkrat.py:Search begins for iphone-7
2021-08-14 01:41:48,103:INFO:flipkrat.py:Url hitted
2021-08-14 01:41:48,364:INFO:flipkrat.py:login popup handled
2021-08-14 01:41:49,071:INFO:flipkrat.py:Search begins for iphone-7
2021-08-14 01:48:08,749:INFO:flipkrat.py:Url hitted
2021-08-14 01:48:08,979:INFO:flipkrat.py:login popup handled
2021-08-14 01:48:09,556:INFO:flipkrat.py:Search begins for iphone-7
2021-08-14 01:52:55,451:INFO:flipkrat.py:Url hitted
2021-08-14 01:52:55,665:INFO:flipkrat.py:login popup handled
2021-08-14 01:52:56,269:INFO:flipkrat.py:Search begins for iphone-7
2021-08-14 02:02:44,867:INFO:flipkrat.py:Url hitted
2021-08-14 02:02:45,623:INFO:flipkrat.py:login popup handled
2021-08-14 02:02:46,317:INFO:flipkrat.py:Search begins for iphone-7
2021-08-14 02:05:40,594:INFO:flipkrat.py:Url hitted
2021-08-14 02:05:40,833:INFO:flipkrat.py:login popup handled
2021-08-14 02:05:41,433:INFO:flipkrat.py:Search begins for iphone-7
2021-08-14 03:16:29,577:INFO:flipkrat.py:Url hitted
2021-08-14 03:16:29,826:INFO:flipkrat.py:login popup handled
2021-08-14 03:16:30,412:INFO:flipkrat.py:Search begins for iphone-7
2021-08-14 03:20:23,091:INFO:flipkrat.py:Url hitted
2021-08-14 03:20:23,491:INFO:flipkrat.py:login popup handled
2021-08-14 03:20:24,116:INFO:flipkrat.py:Search begins for iphone-7
2021-08-14 03:23:18,828:INFO:flipkrat.py:Thread run completed
2021-08-14 03:30:38,333:INFO:flipkrat.py:Url hitted
2021-08-14 03:30:38,557:INFO:flipkrat.py:login popup handled
2021-08-14 03:30:39,079:INFO:flipkrat.py:Search begins for samsung
2021-08-14 03:33:38,036:INFO:flipkrat.py:Thread run completed
2021-08-14 10:40:29,719:INFO:flipkrat.py:Url hitted
2021-08-14 10:40:30,123:INFO:flipkrat.py:login popup handled
2021-08-14 10:40:30,933:INFO:flipkrat.py:Search begins for samsung
2021-08-14 10:40:59,541:INFO:flipkrat.py:data saved in scrapper file
2021-08-14 10:44:58,398:INFO:flipkrat.py:Url hitted
2021-08-14 10:44:58,642:INFO:flipkrat.py:login popup handled
2021-08-14 10:44:59,683:INFO:flipkrat.py:Search begins for samsung
2021-08-14 10:45:28,446:INFO:flipkrat.py:data saved in scrapper file
2021-08-14 10:59:41,783:INFO:flipkrat.py:Url hitted
2021-08-14 10:59:42,050:INFO:flipkrat.py:login popup handled
2021-08-14 10:59:42,649:INFO:flipkrat.py:Search begins for samsung
2021-08-14 11:00:13,929:INFO:flipkrat.py:Data saved in scrapper file
2021-08-14 11:01:23,252:INFO:flipkrat.py:Url hitted
2021-08-14 11:01:23,484:INFO:flipkrat.py:login popup handled
2021-08-14 11:01:24,045:INFO:flipkrat.py:Search begins for samsung
2021-08-14 11:01:55,412:INFO:flipkrat.py:data saved in scrapper file
2021-08-14 11:07:10,052:INFO:flipkrat.py:Url hitted
2021-08-14 11:07:10,348:INFO:flipkrat.py:login popup handled
2021-08-14 11:07:11,128:INFO:flipkrat.py:Search begins for samsung
2021-08-14 11:07:41,601:INFO:flipkrat.py:data saved in scrapper file
2021-08-14 11:13:02,023:INFO:flipkrat.py:Url hitted
2021-08-14 11:13:02,297:INFO:flipkrat.py:login popup handled
2021-08-14 11:13:02,852:INFO:flipkrat.py:Search begins for samsung
2021-08-14 11:13:30,525:INFO:flipkrat.py:data saved in scrapper file
2021-08-14 11:15:53,050:INFO:flipkrat.py:Url hitted
2021-08-14 11:15:53,341:INFO:flipkrat.py:login popup handled
2021-08-14 11:15:53,913:INFO:flipkrat.py:Search begins for samsung
2021-08-14 11:16:22,488:INFO:flipkrat.py:data saved in scrapper file
2021-08-14 11:21:06,559:INFO:flipkrat.py:Url hitted
2021-08-14 11:21:06,855:INFO:flipkrat.py:login popup handled
2021-08-14 11:21:07,424:INFO:flipkrat.py:Search begins for samsung
2021-08-14 11:21:36,273:INFO:flipkrat.py:data saved in scrapper file
2021-08-14 11:24:12,125:INFO:flipkrat.py:Thread run completed
2021-08-14 11:37:18,815:INFO:flipkrat.py:Url hitted
2021-08-14 11:37:19,069:INFO:flipkrat.py:login popup handled
2021-08-14 11:37:19,867:INFO:flipkrat.py:Search begins for samsung
2021-08-14 11:40:11,624:INFO:flipkrat.py:Thread run completed
2021-08-14 11:43:08,179:INFO:flipkrat.py:Url hitted
2021-08-14 11:43:08,467:INFO:flipkrat.py:login popup handled
2021-08-14 11:43:09,058:INFO:flipkrat.py:Search begins for samsung
2021-08-14 11:43:41,062:INFO:flipkrat.py:Data saved in scrapper file
2021-08-14 11:44:21,242:INFO:flipkrat.py:Url hitted
2021-08-14 11:44:21,570:INFO:flipkrat.py:login popup handled
2021-08-14 11:44:22,187:INFO:flipkrat.py:Search begins for samsung
2021-08-14 11:44:51,407:INFO:flipkrat.py:data saved in scrapper file
2021-08-14 11:47:43,499:INFO:flipkrat.py:Thread run completed
2021-08-14 11:50:06,558:INFO:flipkrat.py:Url hitted
2021-08-14 11:50:06,791:INFO:flipkrat.py:login popup handled
2021-08-14 11:50:07,373:INFO:flipkrat.py:Search begins for samsung
2021-08-14 11:50:40,074:INFO:flipkrat.py:Data saved in scrapper file
2021-08-14 11:53:21,803:INFO:flipkrat.py:Url hitted
2021-08-14 11:53:22,118:INFO:flipkrat.py:login popup handled
2021-08-14 11:53:22,810:INFO:flipkrat.py:Search begins for iphone-7
2021-08-14 11:56:15,240:INFO:flipkrat.py:Thread run completed
2021-08-14 12:02:17,991:INFO:flipkrat.py:Url hitted
2021-08-14 12:02:18,261:INFO:flipkrat.py:login popup handled
2021-08-14 12:02:18,719:INFO:flipkrat.py:Search begins for iphone-7
2021-08-14 12:09:23,801:INFO:flipkrat.py:Url hitted
2021-08-14 12:09:24,035:INFO:flipkrat.py:login popup handled
2021-08-14 12:09:24,565:INFO:flipkrat.py:Search begins for iphone-7
2021-08-14 12:09:52,836:INFO:flipkrat.py:data saved in scrapper file
2021-08-14 12:27:14,283:INFO:flipkrat.py:Url hitted
2021-08-14 12:27:14,509:INFO:flipkrat.py:login popup handled
2021-08-14 12:27:15,042:INFO:flipkrat.py:Search begins for iphone-7
2021-08-14 12:28:25,171:INFO:flipkrat.py:Url hitted
2021-08-14 12:28:25,406:INFO:flipkrat.py:login popup handled
2021-08-14 12:28:25,864:INFO:flipkrat.py:Search begins for iphone-7
2021-08-14 12:28:57,871:INFO:flipkrat.py:data saved in scrapper file
2021-08-14 12:59:04,711:INFO:flipkrat.py:Url hitted
2021-08-14 12:59:04,897:INFO:flipkrat.py:login popup handled
2021-08-14 12:59:05,404:INFO:flipkrat.py:Search begins for iphone-7
2021-08-14 12:59:34,293:INFO:flipkrat.py:data saved in scrapper file
2021-08-14 13:16:33,961:INFO:flipkrat.py:Thread run completed
2021-08-14 13:18:18,500:INFO:flipkrat.py:Url hitted
2021-08-14 13:18:18,761:INFO:flipkrat.py:login popup handled
2021-08-14 13:18:19,301:INFO:flipkrat.py:Search begins for iphone-6
2021-08-14 13:21:14,583:INFO:flipkrat.py:Thread run completed
2021-08-14 13:25:47,967:INFO:flipkrat.py:Url hitted
2021-08-14 13:25:48,174:INFO:flipkrat.py:login popup handled
2021-08-14 13:25:48,680:INFO:flipkrat.py:Search begins for micromax
2021-08-14 13:27:41,554:INFO:flipkrat.py:Thread run completed
2021-08-14 13:39:22,636:INFO:flipkrat.py:Url hitted
2021-08-14 13:39:22,844:INFO:flipkrat.py:login popup handled
2021-08-14 13:39:23,341:INFO:flipkrat.py:Search begins for nike
2021-08-14 13:41:37,946:INFO:flipkrat.py:Thread run completed
2021-08-14 13:46:42,772:INFO:flipkrat.py:Url hitted
2021-08-14 13:46:42,975:INFO:flipkrat.py:login popup handled
2021-08-14 13:46:43,434:INFO:flipkrat.py:Search begins for nike
2021-08-14 13:47:13,814:INFO:flipkrat.py:Data saved in scrapper file
2021-08-14 13:47:52,960:INFO:flipkrat.py:Url hitted
2021-08-14 13:47:53,178:INFO:flipkrat.py:login popup handled
2021-08-14 13:47:53,621:INFO:flipkrat.py:Search begins for nike
2021-08-14 13:48:26,880:INFO:flipkrat.py:data saved in scrapper file
2021-08-14 13:56:48,150:INFO:flipkrat.py:Url hitted
2021-08-14 13:56:48,400:INFO:flipkrat.py:login popup handled
2021-08-14 13:56:48,808:INFO:flipkrat.py:Search begins for nike
2021-08-14 13:57:16,959:INFO:flipkrat.py:data saved in scrapper file
2021-08-14 13:58:59,841:INFO:flipkrat.py:Thread run completed
